
=== Task 1 run started 2026-10-02T15:58:22+08:00 ===
Command: ["./.venv/bin/python", "-m", "analysis.tasks.task1_analysis"]
Auditing yellow_2026_04: yellow_tripdata_2026-04.parquet
  rows=3,831,240; completed-trip mask retained=3,781,718; multiple flags=15,329
Auditing yellow_2026_05: yellow_tripdata_2026-05.parquet
  rows=4,090,836; completed-trip mask retained=4,038,770; multiple flags=15,535
Auditing fhvhv_2026_04: fhvhv_tripdata_2026-04.parquet
  rows=20,995,953; completed-trip mask retained=20,995,953; multiple flags=271,729
Auditing fhvhv_2026_05: fhvhv_tripdata_2026-05.parquet
  rows=22,125,744; completed-trip mask retained=22,125,744; multiple flags=279,002
Wrote 04_Results/Task_1/tables/task1_2_counts.csv (26 rows)
Wrote 04_Results/Task_1/tables/audit_rules.csv (135 rows)
Wrote 04_Results/Task_1/tables/rule_overlap.csv (85 rows)
Wrote 04_Results/Task_1/tables/retention_by_analysis.csv (32 rows)
Wrote 04_Results/Task_1/tables/anomaly_examples.csv (39 rows)
Task 1 summary and report.tex written; category totals reconciled.
Exit code: 0; finished: 2026-10-02T15:59:12+08:00

=== Task 1 run started 2026-10-02T15:59:13+08:00 ===
Command: ["./.venv/bin/python", "-m", "analysis.tasks.task1_figures"]
Wrote 3 Task 1 charts and updated report.tex
Exit code: 0; finished: 2026-10-02T15:59:14+08:00
